ALLUSERSPROFILE=C:/ProgramData
APPDATA=C:/Users/MSI/AppData/Roaming
BB_GLOBBING=0
COMMONPROGRAMFILES=C:/Program Files/Common Files
COMMONPROGRAMFILES_X86_=C:/Program Files (x86)/Common Files
COMMONPROGRAMFILES(X86)=C:/Program Files (x86)/Common Files
COMMONPROGRAMW6432=C:/Program Files/Common Files
COMPUTERNAME=DESKTOP-RBOJ4N7
COMSPEC=C:\Windows\system32\cmd.exe
dotnet_dir=C:/GOG Games/Terraria/tModLoader/dotnet
DOTNET_ROLL_FORWARD=Disable
dotnet_version=8.0.0
DRIVERDATA=C:/Windows/System32/Drivers/DriverData
EFC_3372_1262719628=1
EFC_3372_1592913036=1
EFC_3372_2283032206=1
EFC_3372_2775293581=1
EFC_3372_344590478=1
EFC_3372_3789132940=1
EFC_3372_4126798990=1
FARGODATAPATH=C:/Users/MSI/Documents/My Games/Terraria/tModLoader-preview/Dev
FNA_WORKAROUND_WINDOW_RESIZABLE=1
FPS_BROWSER_APP_PROFILE_STRING=Internet Explorer
FPS_BROWSER_USER_PROFILE_STRING=Default
HOME=C:/Users/MSI
HOMEDRIVE=C:
HOMEPATH=/Users/MSI
LOCALAPPDATA=C:/Users/MSI/AppData/Local
LOGNAME=MSI
LOGONSERVER=//DESKTOP-RBOJ4N7
NUMBER_OF_PROCESSORS=12
OLDPWD=C:/GOG Games/Terraria/tModLoader/LaunchUtils
ONEDRIVE=C:/Users/MSI/OneDrive
OS=Windows_NT
PATH=C:/GOG Games/Terraria/tModLoader/Libraries/Native/Windows;C:/Windows/system32;C:/Windows;C:/Windows/System32/Wbem;C:/Windows/System32/WindowsPowerShell/v1.0/;C:/Windows/System32/OpenSSH/;C:/Program Files (x86)/NVIDIA Corporation/PhysX/Common;C:/Program Files/dotnet/;C:/Users/MSI/AppData/Local/Microsoft/WindowsApps;C:/Users/MSI/.dotnet/tools
PATHEXT=.COM;.EXE;.BAT;.CMD;.VBS;.VBE;.JS;.JSE;.WSF;.WSH;.MSC
PROCESSOR_ARCHITECTURE=AMD64
PROCESSOR_IDENTIFIER=Intel64 Family 6 Model 151 Stepping 2, GenuineIntel
PROCESSOR_LEVEL=6
PROCESSOR_REVISION=9702
PROGRAMDATA=C:/ProgramData
PROGRAMFILES=C:/Program Files
PROGRAMFILES_X86_=C:/Program Files (x86)
PROGRAMFILES(X86)=C:/Program Files (x86)
PROGRAMW6432=C:/Program Files
PROMPT=$P$G
PSMODULEPATH=C:/Program Files/WindowsPowerShell/Modules;C:/Windows/system32/WindowsPowerShell/v1.0/Modules
PUBLIC=C:/Users/Public
PWD=C:/GOG Games/Terraria/tModLoader
SESSIONNAME=Console
SHELL=/bin/sh
SHLVL=1
SYSTEMDRIVE=C:
SYSTEMROOT=C:\Windows
TEMP=C:/Users/MSI/AppData/Local/Temp
TMP=C:/Users/MSI/AppData/Local/Temp
USER=MSI
USERDOMAIN=DESKTOP-RBOJ4N7
USERDOMAIN_ROAMINGPROFILE=DESKTOP-RBOJ4N7
USERNAME=MSI
USERPROFILE=C:/Users/MSI
WINDIR=C:\Windows
WINDOWS_MAJOR=10
WINDOWS_MINOR=0
